
> dashboard@0.1.0 dev
> next dev

▲ Next.js 16.2.6 (Turbopack)
- Local:         http://localhost:3000
- Network:       http://192.168.0.2:3000
✓ Ready in 530ms

○ Compiling / ...
 GET / 200 in 5.4s (next.js: 4.9s, application-code: 450ms)
[browser] Image with src "http://localhost:3000/vercel.svg" has either width or height modified, but not the other. If you use CSS to change the size of your image, also include the styles 'width: "auto"' or 'height: "auto"' to maintain the aspect ratio.
[next-auth][warn][NEXTAUTH_URL]
https://next-auth.js.org/warnings#nextauth_url
[next-auth][warn][NO_SECRET]
https://next-auth.js.org/warnings#no_secret
 GET /api/auth/session 200 in 2.8s (next.js: 2.7s, application-code: 54ms)
 GET /servers 200 in 1585ms (next.js: 1411ms, application-code: 174ms)
 GET /api/auth/session 200 in 41ms (next.js: 28ms, application-code: 13ms)
 GET /admin 200 in 1057ms (next.js: 926ms, application-code: 130ms)
 GET /api/auth/session 200 in 37ms (next.js: 25ms, application-code: 12ms)
 GET / 200 in 40ms (next.js: 7ms, application-code: 33ms)
[browser] Image with src "http://localhost:3000/vercel.svg" has either width or height modified, but not the other. If you use CSS to change the size of your image, also include the styles 'width: "auto"' or 'height: "auto"' to maintain the aspect ratio.
✓ Compiled in 120ms
 GET / 200 in 234ms (next.js: 91ms, application-code: 142ms)
[next-auth][warn][NEXTAUTH_URL]
https://next-auth.js.org/warnings#nextauth_url
[next-auth][warn][NO_SECRET]
https://next-auth.js.org/warnings#no_secret
 GET /api/auth/session 200 in 94ms (next.js: 72ms, application-code: 22ms)
 GET /servers 200 in 120ms (next.js: 21ms, application-code: 99ms)
 GET /api/auth/session 200 in 40ms (next.js: 28ms, application-code: 12ms)
 GET /admin 200 in 131ms (next.js: 14ms, application-code: 117ms)
 GET /api/auth/session 200 in 55ms (next.js: 33ms, application-code: 22ms)
 GET / 200 in 49ms (next.js: 7ms, application-code: 42ms)
